2026-06-16 15:06:54, MOVE, v:1, k:ed@bst_insert, mode:DOWN
2026-06-16 15:06:56, MOVE, v:1, k:ed@bst_insert, mode:PICK
2026-06-16 15:06:54, MOVE, v:1, k:ed@bst_insert, mode:EDIT
2026-06-16 15:10:48, MOVE, v:1, k:ed@bst_insert, mode:EDIT
2026-06-16 15:11:25, EXEC, v:1, k:ed@bst_insert, mode:FULL, rate:0, size:68
2026-06-16 15:11:57, EXEC, v:1, k:ed@bst_insert, mode:FULL, rate:16, size:72
2026-06-16 15:14:44, EXEC, v:1, k:ed@bst_insert, mode:FULL, rate:0, size:79
2026-06-16 15:15:06, EXEC, v:1, k:ed@bst_insert, mode:FULL, rate:0, size:78
2026-06-16 15:15:24, MOVE, v:1, k:ed@bst_insert, mode:EDIT
2026-06-16 15:17:31, EXEC, v:1, k:ed@bst_insert, mode:FULL, rate:16, size:78
2026-06-16 15:17:45, EXEC, v:1, k:ed@bst_insert, mode:FULL, rate:0, size:78
2026-06-16 15:17:53, EXEC, v:1, k:ed@bst_insert, mode:FULL, rate:16, size:78
2026-06-16 15:19:00, EXEC, v:1, k:ed@bst_insert, mode:FULL, rate:16, size:76
2026-06-16 15:18:48, MOVE, v:1, k:ed@bst_insert, mode:EDIT
2026-06-16 15:25:33, MOVE, v:1, k:ed@bst_insert, mode:EDIT
2026-06-16 15:29:50, EXEC, v:1, k:ed@bst_insert, mode:FULL, rate:16, size:78
2026-06-16 15:30:48, MOVE, v:1, k:ed@bst_insert, mode:EDIT
2026-06-16 15:30:59, EXEC, v:1, k:ed@bst_insert, mode:FULL, rate:16, size:80
2026-06-16 15:33:04, EXEC, v:1, k:ed@bst_insert, mode:FULL, rate:16, size:78
2026-06-16 15:35:42, EXEC, v:1, k:ed@bst_insert, mode:FULL, rate:16, size:80
2026-06-16 15:35:34, MOVE, v:1, k:ed@bst_insert, mode:EDIT
2026-06-16 15:36:30, EXEC, v:1, k:ed@bst_insert, mode:FULL, rate:0, size:82
2026-06-16 15:36:58, EXEC, v:1, k:ed@bst_insert, mode:FULL, rate:0, size:82
2026-06-16 15:37:12, MOVE, v:1, k:ed@bst_insert, mode:EDIT
2026-06-16 15:50:06, EXEC, v:1, k:ed@bst_insert, mode:FULL, rate:16, size:83
2026-06-16 15:50:55, MOVE, v:1, k:ed@bst_insert, mode:EDIT
2026-06-16 15:51:14, EXEC, v:1, k:ed@bst_insert, mode:FULL, rate:0, size:84
2026-06-16 15:52:23, EXEC, v:1, k:ed@bst_insert, mode:FULL, rate:16, size:84
2026-06-16 15:52:46, EXEC, v:1, k:ed@bst_insert, mode:FULL, rate:100, size:84
2026-06-16 15:53:59, SELF, v:1, k:ed@bst_insert, self:1, rate:100, study:45
