2026-06-10 14:14:03, MOVE, v:1, k:ed@serial, mode:DOWN
2026-06-10 14:14:04, MOVE, v:1, k:ed@serial, mode:PICK
2026-06-10 14:14:03, MOVE, v:1, k:ed@serial, mode:EDIT
2026-06-10 14:14:03, MOVE, v:1, k:ed@serial, mode:EDIT
2026-06-10 14:14:03, MOVE, v:1, k:ed@serial, mode:EDIT
2026-06-10 14:18:27, MOVE, v:1, k:ed@serial, mode:EDIT
2026-06-10 14:23:22, MOVE, v:1, k:ed@serial, mode:EDIT
2026-06-10 14:24:31, EXEC, v:1, k:ed@serial, mode:FULL, rate:0, size:71
2026-06-10 14:28:24, MOVE, v:1, k:ed@serial, mode:EDIT
2026-06-10 14:33:25, MOVE, v:1, k:ed@serial, mode:EDIT
2026-06-10 14:38:27, MOVE, v:1, k:ed@serial, mode:EDIT
2026-06-10 14:39:24, EXEC, v:1, k:ed@serial, mode:FULL, rate:100, size:79
2026-06-10 14:40:05, SELF, v:1, k:ed@serial, self:1, rate:100, study:30, concept:1
2026-06-10 15:28:24, MOVE, v:1, k:ed@formatada, mode:DOWN
2026-06-10 15:28:25, MOVE, v:1, k:ed@formatada, mode:PICK
2026-06-10 15:28:24, MOVE, v:1, k:ed@formatada, mode:EDIT
2026-06-10 15:28:24, MOVE, v:1, k:ed@formatada, mode:EDIT
2026-06-10 15:28:24, MOVE, v:1, k:ed@formatada, mode:EDIT
2026-06-10 15:33:14, MOVE, v:1, k:ed@formatada, mode:EDIT
2026-06-10 15:34:46, EXEC, v:1, k:ed@formatada, mode:FULL, rate:0, size:80
2026-06-10 15:35:56, EXEC, v:1, k:ed@formatada, mode:FULL, rate:0, size:79
2026-06-10 15:37:18, EXEC, v:1, k:ed@formatada, mode:FULL, rate:0, size:84
2026-06-10 15:37:32, EXEC, v:1, k:ed@formatada, mode:FULL, rate:0, size:84
2026-06-10 15:38:05, EXEC, v:1, k:ed@formatada, mode:FULL, rate:14, size:83
2026-06-10 15:38:04, MOVE, v:1, k:ed@formatada, mode:EDIT
2026-06-10 15:39:04, EXEC, v:1, k:ed@formatada, mode:FULL, rate:14, size:85
2026-06-10 15:39:21, EXEC, v:1, k:ed@formatada, mode:FULL, rate:14, size:84
2026-06-10 15:39:48, EXEC, v:1, k:ed@formatada, mode:FULL, rate:14, size:85
2026-06-10 15:40:31, EXEC, v:1, k:ed@formatada, mode:FULL, rate:14, size:86
2026-06-10 15:42:39, EXEC, v:1, k:ed@formatada, mode:FULL, rate:0, size:85
2026-06-10 15:42:49, EXEC, v:1, k:ed@formatada, mode:FULL, rate:14, size:86
2026-06-10 15:42:48, MOVE, v:1, k:ed@formatada, mode:EDIT
2026-06-10 15:45:31, EXEC, v:1, k:ed@formatada, mode:FULL, rate:14, size:94
2026-06-10 15:46:44, EXEC, v:1, k:ed@formatada, mode:FULL, rate:14, size:86
2026-06-10 15:47:20, EXEC, v:1, k:ed@formatada, mode:FULL, rate:14, size:87
2026-06-10 15:48:14, EXEC, v:1, k:ed@formatada, mode:FULL, rate:14, size:87
2026-06-10 15:48:13, MOVE, v:1, k:ed@formatada, mode:EDIT
2026-06-10 15:48:48, EXEC, v:1, k:ed@formatada, mode:FULL, rate:14, size:88
2026-06-10 15:49:02, EXEC, v:1, k:ed@formatada, mode:FULL, rate:14, size:87
2026-06-10 15:49:28, EXEC, v:1, k:ed@formatada, mode:FULL, rate:14, size:86
2026-06-10 15:50:53, EXEC, v:1, k:ed@formatada, mode:FULL, rate:14, size:93
2026-06-10 15:51:16, EXEC, v:1, k:ed@formatada, mode:FULL, rate:14, size:93
2026-06-10 15:51:43, EXEC, v:1, k:ed@formatada, mode:FULL, rate:14, size:99
2026-06-10 15:53:14, EXEC, v:1, k:ed@formatada, mode:FULL, rate:0, size:93
2026-06-10 15:53:21, MOVE, v:1, k:ed@formatada, mode:EDIT
2026-06-10 15:54:01, EXEC, v:1, k:ed@formatada, mode:FULL, rate:14, size:92
2026-06-10 15:54:33, EXEC, v:1, k:ed@formatada, mode:FULL, rate:0, size:82
2026-06-10 15:56:07, EXEC, v:1, k:ed@formatada, mode:FULL, rate:14, size:86
2026-06-10 15:56:56, EXEC, v:1, k:ed@formatada, mode:FULL, rate:14, size:89
2026-06-10 15:57:09, EXEC, v:1, k:ed@formatada, mode:FULL, rate:14, size:86
2026-06-10 15:57:07, MOVE, v:1, k:ed@formatada, mode:EDIT
2026-06-10 16:02:40, EXEC, v:1, k:ed@formatada, mode:FULL, rate:14, size:90
2026-06-10 16:03:20, MOVE, v:1, k:ed@formatada, mode:EDIT
2026-06-10 16:03:42, EXEC, v:1, k:ed@formatada, mode:FULL, rate:14, size:92
2026-06-10 16:03:53, EXEC, v:1, k:ed@formatada, mode:FULL, rate:14, size:95
2026-06-10 16:04:16, EXEC, v:1, k:ed@formatada, mode:FULL, rate:100, size:95
2026-06-10 16:04:51, SELF, v:1, k:ed@formatada, self:1, rate:100, study:35, concept:1
2026-06-10 16:17:34, MOVE, v:1, k:ed@arvore-path, mode:DOWN
2026-06-10 16:17:35, MOVE, v:1, k:ed@arvore-path, mode:PICK
2026-06-10 16:17:34, MOVE, v:1, k:ed@arvore-path, mode:EDIT
2026-06-10 16:17:34, MOVE, v:1, k:ed@arvore-path, mode:EDIT
2026-06-10 16:17:34, MOVE, v:1, k:ed@arvore-path, mode:EDIT
2026-06-10 16:21:16, MOVE, v:1, k:ed@arvore-path, mode:EDIT
2026-06-10 16:22:42, EXEC, v:1, k:ed@arvore-path, mode:FULL, rate:25, size:85
2026-06-10 16:24:06, EXEC, v:1, k:ed@arvore-path, mode:FULL, rate:25, size:88
2026-06-10 16:25:40, EXEC, v:1, k:ed@arvore-path, mode:FULL, rate:12, size:95
2026-06-10 16:25:38, MOVE, v:1, k:ed@arvore-path, mode:EDIT
2026-06-10 16:27:03, EXEC, v:1, k:ed@arvore-path, mode:FULL, rate:12, size:95
2026-06-10 16:29:24, EXEC, v:1, k:ed@arvore-path, mode:FULL, rate:25, size:96
2026-06-10 16:29:58, EXEC, v:1, k:ed@arvore-path, mode:FULL, rate:25, size:97
2026-06-10 16:29:57, MOVE, v:1, k:ed@arvore-path, mode:EDIT
2026-06-10 16:32:56, EXEC, v:1, k:ed@arvore-path, mode:FULL, rate:12, size:97
2026-06-10 16:33:13, EXEC, v:1, k:ed@arvore-path, mode:FULL, rate:12, size:97
2026-06-10 16:33:18, EXEC, v:1, k:ed@arvore-path, mode:FULL, rate:12, size:97
2026-06-10 16:34:27, EXEC, v:1, k:ed@arvore-path, mode:FULL, rate:12, size:91
2026-06-10 16:36:12, EXEC, v:1, k:ed@arvore-path, mode:FULL, rate:37, size:91
2026-06-10 16:36:11, MOVE, v:1, k:ed@arvore-path, mode:EDIT
2026-06-10 16:37:37, EXEC, v:1, k:ed@arvore-path, mode:FULL, rate:100, size:97
2026-06-10 16:38:34, SELF, v:1, k:ed@arvore-path, self:1, rate:100, study:25
