2026-05-26 15:53:55, MOVE, v:1, k:ed@bufferring, mode:DOWN
2026-05-26 15:53:57, MOVE, v:1, k:ed@bufferring, mode:PICK
2026-05-26 15:53:55, MOVE, v:1, k:ed@bufferring, mode:EDIT
2026-05-26 15:53:55, MOVE, v:1, k:ed@bufferring, mode:EDIT
2026-05-26 15:57:23, MOVE, v:1, k:ed@bufferring, mode:EDIT
2026-05-26 15:53:55, MOVE, v:1, k:ed@bufferring, mode:EDIT
2026-05-26 16:00:36, EXEC, v:1, k:ed@bufferring, mode:FULL, rate:0, size:126
2026-05-26 16:02:25, MOVE, v:1, k:ed@bufferring, mode:EDIT
2026-05-26 16:07:27, MOVE, v:1, k:ed@bufferring, mode:EDIT
2026-05-26 16:09:59, EXEC, v:1, k:ed@bufferring, mode:FULL, rate:0, size:164
2026-05-26 16:10:39, EXEC, v:1, k:ed@bufferring, mode:FULL, rate:16, size:165
2026-05-26 16:12:22, EXEC, v:1, k:ed@bufferring, mode:FULL, rate:16, size:165
2026-05-26 16:12:22, EXEC, v:1, k:ed@bufferring, mode:FULL, rate:16, size:165
2026-05-26 16:12:20, MOVE, v:1, k:ed@bufferring, mode:EDIT
2026-05-26 16:13:29, EXEC, v:1, k:ed@bufferring, mode:FULL, rate:0, size:169
2026-05-26 16:13:56, MOVE, v:1, k:ed@bufferring, mode:EDIT
2026-05-26 16:21:33, EXEC, v:1, k:ed@bufferring, mode:FULL, rate:0, size:161
2026-05-26 16:21:29, MOVE, v:1, k:ed@bufferring, mode:EDIT
2026-05-26 16:24:29, EXEC, v:1, k:ed@bufferring, mode:FULL, rate:16, size:161
2026-05-26 16:24:52, EXEC, v:1, k:ed@bufferring, mode:FULL, rate:16, size:161
2026-05-26 16:24:49, MOVE, v:1, k:ed@bufferring, mode:EDIT
2026-05-26 16:32:12, EXEC, v:1, k:ed@bufferring, mode:FULL, rate:16, size:162
2026-05-26 16:32:24, MOVE, v:1, k:ed@bufferring, mode:EDIT
2026-05-26 16:33:14, EXEC, v:1, k:ed@bufferring, mode:FULL, rate:16, size:163
2026-05-26 16:33:37, EXEC, v:1, k:ed@bufferring, mode:FULL, rate:16, size:163
2026-05-26 16:34:05, EXEC, v:1, k:ed@bufferring, mode:FULL, rate:16, size:163
2026-05-26 16:36:14, EXEC, v:1, k:ed@bufferring, mode:FULL, rate:16, size:164
2026-05-26 16:37:19, MOVE, v:1, k:ed@bufferring, mode:EDIT
2026-05-26 16:41:16, EXEC, v:1, k:ed@bufferring, mode:FULL, rate:16, size:179
2026-05-26 16:42:02, EXEC, v:1, k:ed@bufferring, mode:FULL, rate:16, size:184
2026-05-26 16:42:00, MOVE, v:1, k:ed@bufferring, mode:EDIT
2026-05-26 16:43:39, EXEC, v:1, k:ed@bufferring, mode:FULL, rate:16, size:184
2026-05-26 16:46:38, EXEC, v:1, k:ed@bufferring, mode:FULL, rate:33, size:184
2026-05-26 16:47:26, MOVE, v:1, k:ed@bufferring, mode:EDIT
2026-05-26 16:47:32, EXEC, v:1, k:ed@bufferring, mode:FULL, rate:50, size:186
2026-05-26 16:53:40, EXEC, v:1, k:ed@bufferring, mode:FULL, rate:50, size:194
2026-05-26 16:57:17, EXEC, v:1, k:ed@bufferring, mode:FULL, rate:50, size:194
2026-05-26 16:57:26, MOVE, v:1, k:ed@bufferring, mode:EDIT
2026-05-26 16:57:49, EXEC, v:1, k:ed@bufferring, mode:FULL, rate:83, size:194
2026-05-26 16:59:02, EXEC, v:1, k:ed@bufferring, mode:FULL, rate:100, size:195
2026-05-26 16:59:38, SELF, v:1, k:ed@bufferring, self:1, rate:100, study:60, concept:1
2026-05-26 19:40:43, MOVE, v:1, k:ed@chaves, mode:DOWN
2026-05-26 19:40:44, MOVE, v:1, k:ed@chaves, mode:PICK
2026-05-26 19:43:14, MOVE, v:1, k:ed@chaves, mode:PICK
2026-05-26 19:48:06, MOVE, v:1, k:ed@chaves, mode:EDIT
2026-05-26 19:45:54, MOVE, v:1, k:ed@chaves, mode:EDIT
2026-05-26 19:50:00, MOVE, v:1, k:ed@chaves, mode:EDIT
2026-05-26 19:57:58, MOVE, v:1, k:ed@chaves, mode:EDIT
2026-05-26 20:02:13, EXEC, v:1, k:ed@chaves, mode:FULL, size:69, fail:COMP
2026-05-26 20:02:25, EXEC, v:1, k:ed@chaves, mode:FULL, rate:0, size:69
2026-05-26 20:02:41, EXEC, v:1, k:ed@chaves, mode:FULL, rate:0, size:69
2026-05-26 20:03:07, EXEC, v:1, k:ed@chaves, mode:FULL, rate:0, size:69
2026-05-26 20:03:03, MOVE, v:1, k:ed@chaves, mode:EDIT
2026-05-26 20:03:23, EXEC, v:1, k:ed@chaves, mode:FULL, rate:0, size:69
2026-05-26 20:03:42, EXEC, v:1, k:ed@chaves, mode:FULL, rate:100, size:69
2026-05-26 20:04:26, SELF, v:1, k:ed@chaves, self:1, rate:100, study:20
