2026-04-03 08:45:47, MOVE, v:1, k:ed@treinando, mode:PICK
2026-04-03 09:08:59, EXEC, v:1, k:ed@treinando, mode:FULL, rate:83, size:131
2026-04-03 09:27:21, EXEC, v:1, k:ed@treinando, mode:FULL, rate:83, size:150
2026-04-03 09:27:41, MOVE, v:1, k:ed@treinando, mode:BACK
2026-04-03 09:27:48, MOVE, v:1, k:ed@treinando, mode:PICK
2026-04-03 09:27:50, EXEC, v:1, k:ed@treinando, mode:FULL, rate:83, size:150
2026-04-03 09:29:12, MOVE, v:1, k:ed@treinando, mode:BACK
2026-04-03 09:29:14, MOVE, v:1, k:ed@treinando, mode:PICK
2026-04-03 09:29:16, EXEC, v:1, k:ed@treinando, mode:FULL, rate:83, size:150
2026-04-03 09:35:46, EXEC, v:1, k:ed@treinando, mode:FULL, rate:83, size:150
2026-04-03 09:36:08, EXEC, v:1, k:ed@treinando, mode:FULL, rate:100, size:150
2026-04-03 09:36:15, MOVE, v:1, k:ed@treinando, mode:BACK
2026-04-03 09:37:32, SELF, v:1, k:ed@treinando, self:1, rate:100, study:120, concept:1, problem:1
2026-04-03 10:50:57, MOVE, v:1, k:ed@mdc, mode:PICK
2026-04-03 10:51:00, EXEC, v:1, k:ed@mdc, mode:FULL, rate:100
2026-04-03 10:52:02, SELF, v:1, k:ed@mdc, self:1, rate:100, study:35, concept:1
2026-04-03 10:52:16, MOVE, v:1, k:ed@mdc, mode:BACK
2026-04-03 10:55:14, MOVE, v:1, k:ed@queimada, mode:DOWN
2026-04-03 10:55:20, MOVE, v:1, k:ed@queimada, mode:PICK
2026-04-03 11:04:50, EXEC, v:1, k:ed@queimada, mode:FULL, rate:100, size:54
2026-04-03 11:04:56, MOVE, v:1, k:ed@queimada, mode:BACK
2026-04-03 11:05:00, MOVE, v:1, k:ed@queimada, mode:PICK
2026-04-03 11:10:26, EXEC, v:1, k:ed@queimada, mode:FULL, rate:100, size:62
2026-04-03 11:10:33, MOVE, v:1, k:ed@queimada, mode:BACK
2026-04-03 11:10:36, MOVE, v:1, k:ed@queimada, mode:PICK
2026-04-03 11:10:38, EXEC, v:1, k:ed@queimada, mode:FULL, rate:100
2026-04-03 11:11:16, SELF, v:1, k:ed@queimada, self:1, rate:100, study:15
2026-04-03 11:11:21, MOVE, v:1, k:ed@queimada, mode:BACK
