2026-04-23 15:39:31, MOVE, v:1, k:ed@multiset, mode:PICK
2026-04-23 15:39:36, EXEC, v:1, k:ed@multiset, mode:FULL, rate:16
2026-04-23 15:42:39, EXEC, v:1, k:ed@multiset, mode:FULL, rate:16, size:143
2026-04-23 15:42:54, EXEC, v:1, k:ed@multiset, mode:FULL, rate:16, size:143
2026-04-23 15:42:52, MOVE, v:1, k:ed@multiset, mode:EDIT
2026-04-23 15:48:42, EXEC, v:1, k:ed@multiset, mode:FULL, rate:33, size:147
2026-04-23 15:48:38, MOVE, v:1, k:ed@multiset, mode:EDIT
2026-04-23 15:53:58, MOVE, v:1, k:ed@multiset, mode:EDIT
2026-04-23 15:55:27, EXEC, v:1, k:ed@multiset, mode:FULL, rate:33, size:168
2026-04-23 15:57:05, EXEC, v:1, k:ed@multiset, mode:FULL, rate:33, size:171
2026-04-23 15:57:55, EXEC, v:1, k:ed@multiset, mode:FULL, rate:33, size:172
2026-04-23 15:58:33, EXEC, v:1, k:ed@multiset, mode:FULL, rate:33, size:171
2026-04-23 15:58:29, MOVE, v:1, k:ed@multiset, mode:EDIT
2026-04-23 15:59:12, EXEC, v:1, k:ed@multiset, mode:FULL, rate:33, size:171
2026-04-23 15:59:23, EXEC, v:1, k:ed@multiset, mode:FULL, rate:33, size:171
2026-04-23 16:01:15, EXEC, v:1, k:ed@multiset, mode:FULL, rate:33, size:170
2026-04-23 16:01:32, EXEC, v:1, k:ed@multiset, mode:FULL, rate:33, size:171
2026-04-23 16:01:51, EXEC, v:1, k:ed@multiset, mode:FULL, rate:33, size:172
2026-04-23 16:03:54, EXEC, v:1, k:ed@multiset, mode:FULL, rate:33, size:172
2026-04-23 16:03:50, MOVE, v:1, k:ed@multiset, mode:EDIT
2026-04-23 16:04:10, EXEC, v:1, k:ed@multiset, mode:FULL, rate:33, size:172
2026-04-23 16:06:25, MOVE, v:1, k:ed@multiset, mode:EDIT
2026-04-23 16:11:36, EXEC, v:1, k:ed@multiset, mode:FULL, rate:33, size:168
2026-04-23 16:12:20, EXEC, v:1, k:ed@multiset, mode:FULL, rate:33, size:168
2026-04-23 16:13:30, EXEC, v:1, k:ed@multiset, mode:FULL, rate:33, size:169
2026-04-23 16:13:28, MOVE, v:1, k:ed@multiset, mode:EDIT
2026-04-23 16:14:13, EXEC, v:1, k:ed@multiset, mode:FULL, rate:33, size:169
2026-04-23 16:16:57, EXEC, v:1, k:ed@multiset, mode:FULL, rate:33, size:170
2026-04-23 16:18:36, MOVE, v:1, k:ed@multiset, mode:EDIT
2026-04-23 16:19:41, EXEC, v:1, k:ed@multiset, mode:FULL, rate:50, size:172
2026-04-23 16:23:59, MOVE, v:1, k:ed@multiset, mode:EDIT
2026-04-23 16:25:13, EXEC, v:1, k:ed@multiset, mode:FULL, rate:50, size:193
2026-04-23 16:26:38, EXEC, v:1, k:ed@multiset, mode:FULL, rate:50, size:194
2026-04-23 16:27:03, EXEC, v:1, k:ed@multiset, mode:FULL, rate:50, size:195
2026-04-23 16:27:41, EXEC, v:1, k:ed@multiset, mode:FULL, rate:50, size:195
2026-04-23 16:28:00, EXEC, v:1, k:ed@multiset, mode:FULL, rate:50, size:196
2026-04-23 16:28:08, EXEC, v:1, k:ed@multiset, mode:FULL, rate:50, size:195
2026-04-23 16:28:07, MOVE, v:1, k:ed@multiset, mode:EDIT
2026-04-23 16:30:16, EXEC, v:1, k:ed@multiset, mode:FULL, rate:50, size:195
2026-04-23 16:30:21, MOVE, v:1, k:ed@multiset, mode:EDIT
2026-04-23 16:38:50, EXEC, v:1, k:ed@multiset, mode:FULL, rate:50, size:207
2026-04-23 16:38:47, MOVE, v:1, k:ed@multiset, mode:EDIT
2026-04-23 16:43:20, EXEC, v:1, k:ed@multiset, mode:FULL, rate:50, size:215
2026-04-23 16:43:35, EXEC, v:1, k:ed@multiset, mode:FULL, rate:50, size:215
2026-04-23 16:44:02, MOVE, v:1, k:ed@multiset, mode:EDIT
2026-04-23 16:49:00, MOVE, v:1, k:ed@multiset, mode:EDIT
2026-04-23 16:49:18, EXEC, v:1, k:ed@multiset, mode:FULL, rate:50, size:212
2026-04-23 16:49:48, EXEC, v:1, k:ed@multiset, mode:FULL, rate:50, size:210
2026-04-23 16:49:53, EXEC, v:1, k:ed@multiset, mode:FULL, rate:50, size:212
2026-04-23 16:50:14, EXEC, v:1, k:ed@multiset, mode:FULL, rate:50, size:212
2026-04-23 16:50:28, EXEC, v:1, k:ed@multiset, mode:FULL, rate:50, size:212
2026-04-23 16:52:00, EXEC, v:1, k:ed@multiset, mode:FULL, rate:50, size:212
2026-04-23 16:51:59, MOVE, v:1, k:ed@multiset, mode:EDIT
2026-04-23 16:57:38, EXEC, v:1, k:ed@multiset, mode:FULL, rate:66, size:215
2026-04-23 16:57:30, MOVE, v:1, k:ed@multiset, mode:EDIT
2026-04-23 17:00:59, EXEC, v:1, k:ed@multiset, mode:FULL, rate:66
2026-04-23 17:01:00, MOVE, v:1, k:ed@multiset, mode:BACK
2026-04-23 17:01:47, SELF, v:1, k:ed@multiset, self:1, rate:66, study:80, concept:1
2026-04-23 17:22:56, MOVE, v:1, k:ed@multiset, mode:PICK
2026-04-23 17:23:05, EXEC, v:1, k:ed@multiset, mode:FULL, rate:66
2026-04-23 17:26:26, EXEC, v:1, k:ed@multiset, mode:FULL, rate:66, size:227
2026-04-23 17:26:41, EXEC, v:1, k:ed@multiset, mode:FULL, rate:83, size:227
2026-04-23 17:27:27, MOVE, v:1, k:ed@multiset, mode:EDIT
2026-04-23 17:27:50, EXEC, v:1, k:ed@multiset, mode:FULL, rate:83, size:232
2026-04-23 17:28:13, EXEC, v:1, k:ed@multiset, mode:FULL, rate:83, size:232
2026-04-23 17:28:46, EXEC, v:1, k:ed@multiset, mode:FULL, rate:100, size:236
2026-04-23 17:29:22, SELF, v:1, k:ed@multiset, self:1, rate:100, study:10
2026-04-23 17:29:25, MOVE, v:1, k:ed@multiset, mode:BACK
