2026-04-08 10:19:25, MOVE, v:1, k:ed@fractais_png, mode:PICK
2026-04-08 10:19:29, EXEC, v:1, k:ed@fractais_png, mode:FREE
2026-04-08 10:20:34, MOVE, v:1, k:ed@fractais_png, mode:BACK
2026-04-08 10:20:38, MOVE, v:1, k:ed@fractais_png, mode:PICK
2026-04-08 10:19:33, MOVE, v:1, k:ed@fractais_png, mode:EDIT
2026-04-08 10:20:51, MOVE, v:1, k:ed@fractais_png, mode:EDIT
2026-04-08 10:52:16, EXEC, v:1, k:ed@fractais_png, mode:FREE, size:122
2026-04-08 10:53:02, MOVE, v:1, k:ed@fractais_png, mode:EDIT
2026-04-08 10:53:07, MOVE, v:1, k:ed@fractais_png, mode:EDIT
2026-04-08 10:57:58, MOVE, v:1, k:ed@fractais_png, mode:EDIT
2026-04-08 10:57:22, MOVE, v:1, k:ed@fractais_png, mode:EDIT
2026-04-08 10:58:49, MOVE, v:1, k:ed@fractais_png, mode:PICK
2026-04-08 10:59:36, EXEC, v:1, k:ed@fractais_png, mode:FREE, size:132
2026-04-08 11:03:04, MOVE, v:1, k:ed@fractais_png, mode:PICK
2026-04-08 11:03:05, EXEC, v:1, k:ed@fractais_png, mode:FREE, size:126
2026-04-08 11:04:47, MOVE, v:1, k:ed@fractais_png, mode:EDIT
2026-04-08 11:03:12, MOVE, v:1, k:ed@fractais_png, mode:EDIT
2026-04-08 11:05:45, MOVE, v:1, k:ed@fractais_png, mode:PICK
2026-04-08 11:05:48, EXEC, v:1, k:ed@fractais_png, mode:FREE, size:132
2026-04-08 11:06:14, MOVE, v:1, k:ed@fractais_png, mode:PICK
2026-04-08 11:07:51, EXEC, v:1, k:ed@fractais_png, mode:FREE, size:130
2026-04-08 11:09:45, MOVE, v:1, k:ed@fractais_png, mode:EDIT
2026-04-08 11:08:05, MOVE, v:1, k:ed@fractais_png, mode:EDIT
2026-04-08 11:15:34, MOVE, v:1, k:ed@fractais_png, mode:EDIT
2026-04-08 11:19:38, MOVE, v:1, k:ed@fractais_png, mode:PICK
2026-04-08 11:21:32, EXEC, v:1, k:ed@fractais_png, mode:FREE, size:126
2026-04-08 11:23:23, MOVE, v:1, k:ed@fractais_png, mode:EDIT
2026-04-08 11:23:25, MOVE, v:1, k:ed@fractais_png, mode:EDIT
2026-04-08 11:26:23, MOVE, v:1, k:ed@fractais_png, mode:PICK
2026-04-08 14:02:31, MOVE, v:1, k:ed@labirinto, mode:DOWN
2026-04-08 14:02:32, MOVE, v:1, k:ed@labirinto, mode:PICK
2026-04-08 14:02:33, EXEC, v:1, k:ed@labirinto, mode:FREE, size:66
2026-04-08 14:03:03, MOVE, v:1, k:ed@labirinto, mode:PICK
2026-04-08 14:12:58, MOVE, v:1, k:ed@labirinto, mode:EDIT
2026-04-08 14:15:04, EXEC, v:1, k:ed@labirinto, mode:FULL, rate:0, size:71
2026-04-08 14:15:41, MOVE, v:1, k:ed@labirinto, mode:EDIT
2026-04-08 14:22:57, MOVE, v:1, k:ed@labirinto, mode:EDIT
2026-04-08 14:25:07, EXEC, v:1, k:ed@labirinto, mode:FULL, rate:0, size:79
2026-04-08 14:26:41, EXEC, v:1, k:ed@labirinto, mode:FULL, rate:0, size:79
2026-04-08 14:26:37, MOVE, v:1, k:ed@labirinto, mode:EDIT
2026-04-08 14:32:29, MOVE, v:1, k:ed@labirinto, mode:BACK
2026-04-08 14:33:08, MOVE, v:1, k:ed@labirinto, mode:PICK
2026-04-08 14:33:11, EXEC, v:1, k:ed@labirinto, mode:FULL, rate:0
2026-04-08 14:33:14, MOVE, v:1, k:ed@labirinto, mode:BACK
2026-04-08 14:33:40, MOVE, v:1, k:ed@labirinto, mode:PICK
2026-04-08 14:34:56, EXEC, v:1, k:ed@labirinto, mode:FULL, rate:0, size:81
2026-04-08 14:34:44, MOVE, v:1, k:ed@labirinto, mode:EDIT
2026-04-08 14:43:07, MOVE, v:1, k:ed@labirinto, mode:BACK
2026-04-08 14:43:37, MOVE, v:1, k:ed@labirinto, mode:PICK
2026-04-08 14:43:53, EXEC, v:1, k:ed@labirinto, mode:FULL, rate:0
2026-04-08 14:44:15, EXEC, v:1, k:ed@labirinto, mode:FULL, rate:0, size:82
2026-04-08 14:44:29, EXEC, v:1, k:ed@labirinto, mode:FULL, rate:100, size:82
2026-04-08 14:44:36, MOVE, v:1, k:ed@labirinto, mode:BACK
2026-04-08 14:45:34, MOVE, v:1, k:ed@labirinto, mode:PICK
2026-04-08 14:45:36, EXEC, v:1, k:ed@labirinto, mode:FULL, rate:100
2026-04-08 14:46:06, SELF, v:1, k:ed@labirinto, self:1, rate:100, study:45, concept:1, problem:1
2026-04-08 14:46:07, MOVE, v:1, k:ed@labirinto, mode:BACK
2026-04-08 15:55:00, MOVE, v:1, k:ed@fractais_png, mode:PICK
2026-04-08 15:55:02, EXEC, v:1, k:ed@fractais_png, mode:FREE, size:126
2026-04-08 15:56:19, MOVE, v:1, k:ed@fractais_png, mode:EDIT
2026-04-08 15:56:29, MOVE, v:1, k:ed@fractais_png, mode:EDIT
2026-04-08 16:01:29, MOVE, v:1, k:ed@fractais_png, mode:EDIT
2026-04-08 16:01:24, MOVE, v:1, k:ed@fractais_png, mode:EDIT
2026-04-08 16:06:26, MOVE, v:1, k:ed@fractais_png, mode:EDIT
2026-04-08 16:06:28, MOVE, v:1, k:ed@fractais_png, mode:EDIT
2026-04-08 16:11:29, MOVE, v:1, k:ed@fractais_png, mode:EDIT
2026-04-08 16:11:18, MOVE, v:1, k:ed@fractais_png, mode:EDIT
2026-04-08 16:13:19, EXEC, v:1, k:ed@fractais_png, mode:LOCK, rate:0, size:129
2026-04-08 16:13:27, MOVE, v:1, k:ed@fractais_png, mode:BACK
2026-04-08 16:14:31, SELF, v:1, k:ed@fractais_png, self:1, rate:10, study:40
2026-04-08 16:51:40, MOVE, v:1, k:ed@fractais_png, mode:PICK
2026-04-08 16:53:50, EXEC, v:1, k:ed@fractais_png, mode:FREE, size:127
2026-04-08 16:54:37, MOVE, v:1, k:ed@fractais_png, mode:PICK
2026-04-08 16:54:39, EXEC, v:1, k:ed@fractais_png, mode:FREE, size:127
2026-04-08 16:59:47, MOVE, v:1, k:ed@fractais_png, mode:PICK
2026-04-08 16:59:48, EXEC, v:1, k:ed@fractais_png, mode:FREE, size:133
2026-04-08 16:59:30, MOVE, v:1, k:ed@fractais_png, mode:EDIT
2026-04-08 16:59:54, MOVE, v:1, k:ed@fractais_png, mode:EDIT
2026-04-08 17:04:56, MOVE, v:1, k:ed@fractais_png, mode:EDIT
2026-04-08 17:04:57, MOVE, v:1, k:ed@fractais_png, mode:EDIT
2026-04-08 17:09:27, MOVE, v:1, k:ed@fractais_png, mode:EDIT
2026-04-08 17:09:29, MOVE, v:1, k:ed@fractais_png, mode:EDIT
2026-04-08 17:13:11, MOVE, v:1, k:ed@fractais_png, mode:PICK
2026-04-08 17:13:14, EXEC, v:1, k:ed@fractais_png, mode:FREE, size:134
2026-04-08 17:17:31, MOVE, v:1, k:ed@fractais_png, mode:EDIT
2026-04-08 17:15:27, MOVE, v:1, k:ed@fractais_png, mode:EDIT
2026-04-08 17:22:46, MOVE, v:1, k:ed@fractais_png, mode:EDIT
2026-04-08 17:22:39, MOVE, v:1, k:ed@fractais_png, mode:EDIT
2026-04-08 17:27:50, MOVE, v:1, k:ed@fractais_png, mode:EDIT
2026-04-08 17:27:57, MOVE, v:1, k:ed@fractais_png, mode:EDIT
2026-04-08 17:32:37, MOVE, v:1, k:ed@fractais_png, mode:PICK
2026-04-08 17:32:39, EXEC, v:1, k:ed@fractais_png, mode:FREE, size:134
2026-04-08 17:37:35, MOVE, v:1, k:ed@fractais_png, mode:EDIT
2026-04-08 17:37:31, MOVE, v:1, k:ed@fractais_png, mode:EDIT
2026-04-08 17:42:34, MOVE, v:1, k:ed@fractais_png, mode:EDIT
2026-04-08 17:42:31, MOVE, v:1, k:ed@fractais_png, mode:EDIT
2026-04-08 17:47:35, MOVE, v:1, k:ed@fractais_png, mode:EDIT
2026-04-08 17:46:55, MOVE, v:1, k:ed@fractais_png, mode:EDIT
2026-04-08 17:52:32, SELF, v:1, k:ed@fractais_png, self:1, rate:20, study:50
