2026-03-24 11:01:30, MOVE, v:1, k:ed@apagando, mode:DOWN
2026-03-24 11:01:34, MOVE, v:1, k:ed@apagando, mode:PICK
2026-03-24 11:18:29, EXEC, v:1, k:ed@apagando, mode:FULL, rate:0, size:36
2026-03-24 11:19:07, EXEC, v:1, k:ed@apagando, mode:FULL, rate:0, size:36
2026-03-24 11:20:11, EXEC, v:1, k:ed@apagando, mode:FULL, rate:0, size:36
2026-03-24 11:22:34, EXEC, v:1, k:ed@apagando, mode:FULL, rate:0, size:36
2026-03-24 11:27:46, EXEC, v:1, k:ed@apagando, mode:FULL, rate:0, size:22
2026-03-24 11:40:46, EXEC, v:1, k:ed@apagando, mode:FULL, rate:0, size:34
2026-03-24 11:42:42, EXEC, v:1, k:ed@apagando, mode:FULL, rate:0, size:38
2026-03-24 11:43:08, EXEC, v:1, k:ed@apagando, mode:FULL, rate:0, size:38
2026-03-24 11:43:27, EXEC, v:1, k:ed@apagando, mode:FULL, rate:0, size:38
2026-03-24 11:43:35, EXEC, v:1, k:ed@apagando, mode:FULL, rate:0, size:38
2026-03-24 11:43:42, EXEC, v:1, k:ed@apagando, mode:FULL, rate:0, size:38
2026-03-24 11:43:55, EXEC, v:1, k:ed@apagando, mode:FULL, rate:0, size:38
2026-03-24 11:44:07, EXEC, v:1, k:ed@apagando, mode:FULL, rate:0, size:38
2026-03-24 11:44:20, EXEC, v:1, k:ed@apagando, mode:FULL, rate:0, size:38
2026-03-24 11:44:32, EXEC, v:1, k:ed@apagando, mode:FULL, rate:66, size:39
2026-03-24 11:44:42, EXEC, v:1, k:ed@apagando, mode:FULL, rate:66, size:39
2026-03-24 11:44:56, EXEC, v:1, k:ed@apagando, mode:FULL, rate:100, size:40
2026-03-24 11:45:10, MOVE, v:1, k:ed@apagando, mode:BACK
2026-03-24 11:45:16, MOVE, v:1, k:ed@apagando, mode:PICK
2026-03-24 11:46:00, SELF, v:1, k:ed@apagando, self:1, rate:100, study:45, concept:1
2026-03-24 15:52:06, MOVE, v:1, k:ed@apagando, mode:PICK
2026-03-24 15:52:09, EXEC, v:1, k:ed@apagando, mode:FULL, rate:33, size:36
2026-03-24 15:52:36, EXEC, v:1, k:ed@apagando, mode:FULL, rate:100, size:34
2026-03-24 15:52:50, MOVE, v:1, k:ed@apagando, mode:BACK
2026-03-24 15:52:54, MOVE, v:1, k:ed@apagando, mode:PICK
2026-03-24 15:52:57, EXEC, v:1, k:ed@apagando, mode:FULL, rate:100
2026-03-24 15:53:16, SELF, v:1, k:ed@apagando, self:1, rate:100, study:45, concept:1
