2026-03-17 10:09:36, MOVE, v:1, k:ed@casais, mode:DOWN
2026-03-17 10:09:40, MOVE, v:1, k:ed@casais, mode:PICK
2026-03-17 10:28:31, EXEC, v:1, k:ed@casais, mode:FULL, rate:0, size:26
2026-03-17 10:32:10, EXEC, v:1, k:ed@casais, mode:FULL, rate:25, size:30
2026-03-17 10:34:49, EXEC, v:1, k:ed@casais, mode:FULL, rate:25, size:29
2026-03-17 10:44:38, EXEC, v:1, k:ed@casais, mode:FULL, size:29, fail:COMP
2026-03-17 10:44:52, EXEC, v:1, k:ed@casais, mode:FULL, rate:0, size:28
2026-03-17 10:52:53, EXEC, v:1, k:ed@casais, mode:FULL, rate:100, size:29
2026-03-17 10:53:46, SELF, v:1, k:ed@casais, self:1, rate:100, study:35
2026-03-17 10:56:29, MOVE, v:1, k:ed@casais, mode:BACK
2026-03-17 10:58:44, MOVE, v:1, k:ed@baruel, mode:DOWN
2026-03-17 10:58:46, MOVE, v:1, k:ed@baruel, mode:PICK
2026-03-17 15:28:22, MOVE, v:1, k:ed@baruel, mode:PICK
2026-03-17 15:32:09, EXEC, v:1, k:ed@baruel, mode:FULL, rate:0, size:41
2026-03-17 15:32:24, EXEC, v:1, k:ed@baruel, mode:FULL, rate:0, size:41
2026-03-17 15:46:24, EXEC, v:1, k:ed@baruel, mode:FULL, rate:0, size:41
2026-03-17 15:48:06, EXEC, v:1, k:ed@baruel, mode:FULL, rate:0, size:45
2026-03-17 15:48:30, EXEC, v:1, k:ed@baruel, mode:FULL, rate:0, size:45
2026-03-17 16:02:01, EXEC, v:1, k:ed@baruel, mode:FULL, rate:0, size:60
2026-03-17 16:06:26, EXEC, v:1, k:ed@baruel, mode:FULL, rate:0, size:60
2026-03-17 16:07:48, EXEC, v:1, k:ed@baruel, mode:FULL, rate:0, size:60
2026-03-17 16:09:49, EXEC, v:1, k:ed@baruel, mode:FULL, rate:0, size:62
2026-03-17 16:15:59, EXEC, v:1, k:ed@baruel, mode:FULL, rate:0, size:69
2026-03-17 16:17:17, EXEC, v:1, k:ed@baruel, mode:FULL, rate:25, size:69
2026-03-17 16:18:00, EXEC, v:1, k:ed@baruel, mode:FULL, rate:100, size:69
2026-03-17 16:18:09, MOVE, v:1, k:ed@baruel, mode:BACK
2026-03-17 16:18:29, MOVE, v:1, k:ed@baruel, mode:PICK
2026-03-17 16:18:32, EXEC, v:1, k:ed@baruel, mode:FULL, rate:100
2026-03-17 16:19:50, SELF, v:1, k:ed@baruel, self:1, rate:100, study:110, concept:1, problem:1, debug:1
2026-03-17 16:21:01, MOVE, v:1, k:ed@baruel, mode:BACK
2026-03-17 16:39:03, MOVE, v:1, k:ed@gomos, mode:DOWN
2026-03-17 16:39:06, MOVE, v:1, k:ed@gomos, mode:PICK
2026-03-17 17:14:28, EXEC, v:1, k:ed@gomos, mode:FULL, rate:0, size:45
2026-03-17 17:18:25, EXEC, v:1, k:ed@gomos, mode:FULL, rate:0, size:41
2026-03-17 17:25:24, EXEC, v:1, k:ed@gomos, mode:FULL, rate:0, size:41
2026-03-17 17:30:41, EXEC, v:1, k:ed@gomos, mode:FULL, rate:0, size:46
2026-03-17 17:30:58, EXEC, v:1, k:ed@gomos, mode:FULL, rate:0, size:42
2026-03-17 17:31:31, EXEC, v:1, k:ed@gomos, mode:FULL, rate:0, size:42
2026-03-17 17:31:38, EXEC, v:1, k:ed@gomos, mode:FULL, rate:0, size:42
2026-03-17 17:31:52, EXEC, v:1, k:ed@gomos, mode:FULL, rate:0, size:42
2026-03-17 17:33:54, EXEC, v:1, k:ed@gomos, mode:FULL, rate:0, size:42
2026-03-17 17:36:26, EXEC, v:1, k:ed@gomos, mode:FULL, rate:0, size:42
2026-03-17 17:40:42, EXEC, v:1, k:ed@gomos, mode:FULL, rate:0, size:42
2026-03-17 17:42:51, EXEC, v:1, k:ed@gomos, mode:FULL, rate:100, size:42
2026-03-17 17:43:16, MOVE, v:1, k:ed@gomos, mode:BACK
2026-03-17 17:43:27, MOVE, v:1, k:ed@gomos, mode:PICK
2026-03-17 17:43:29, EXEC, v:1, k:ed@gomos, mode:FULL, rate:100
2026-03-17 17:45:49, SELF, v:1, k:ed@gomos, self:1, rate:100, study:85, concept:1, problem:1, debug:1
2026-03-17 17:45:54, MOVE, v:1, k:ed@gomos, mode:BACK
