2026-04-12 10:29:33, MOVE, v:1, k:ed@fractais_png, mode:PICK
2026-04-12 10:34:07, MOVE, v:1, k:ed@fractais_png, mode:EDIT
2026-04-12 10:35:48, EXEC, v:1, k:ed@fractais_png, mode:FREE, size:139
2026-04-12 10:39:09, MOVE, v:1, k:ed@fractais_png, mode:EDIT
2026-04-12 10:39:11, MOVE, v:1, k:ed@fractais_png, mode:EDIT
2026-04-12 10:44:03, MOVE, v:1, k:ed@fractais_png, mode:EDIT
2026-04-12 10:44:04, MOVE, v:1, k:ed@fractais_png, mode:EDIT
2026-04-12 10:49:05, MOVE, v:1, k:ed@fractais_png, mode:EDIT
2026-04-12 10:49:06, MOVE, v:1, k:ed@fractais_png, mode:EDIT
2026-04-12 10:53:51, MOVE, v:1, k:ed@fractais_png, mode:EDIT
2026-04-12 10:53:52, MOVE, v:1, k:ed@fractais_png, mode:EDIT
2026-04-12 10:58:48, MOVE, v:1, k:ed@fractais_png, mode:EDIT
2026-04-12 10:58:51, MOVE, v:1, k:ed@fractais_png, mode:EDIT
2026-04-12 11:01:56, MOVE, v:1, k:ed@fractais_png, mode:PICK
2026-04-12 11:01:58, EXEC, v:1, k:ed@fractais_png, mode:FREE, size:145
2026-04-12 11:06:43, MOVE, v:1, k:ed@fractais_png, mode:EDIT
2026-04-12 11:06:42, MOVE, v:1, k:ed@fractais_png, mode:EDIT
2026-04-12 11:10:27, MOVE, v:1, k:ed@fractais_png, mode:EDIT
2026-04-12 11:10:30, MOVE, v:1, k:ed@fractais_png, mode:EDIT
2026-04-12 11:16:43, MOVE, v:1, k:ed@fractais_png, mode:EDIT
2026-04-12 11:16:45, MOVE, v:1, k:ed@fractais_png, mode:EDIT
2026-04-12 11:21:43, MOVE, v:1, k:ed@fractais_png, mode:EDIT
2026-04-12 11:21:46, MOVE, v:1, k:ed@fractais_png, mode:EDIT
2026-04-12 11:26:40, MOVE, v:1, k:ed@fractais_png, mode:EDIT
2026-04-12 11:26:42, MOVE, v:1, k:ed@fractais_png, mode:EDIT
2026-04-12 11:31:48, MOVE, v:1, k:ed@fractais_png, mode:EDIT
2026-04-12 11:31:39, MOVE, v:1, k:ed@fractais_png, mode:EDIT
2026-04-12 11:33:05, MOVE, v:1, k:ed@fractais_png, mode:BACK
2026-04-12 11:33:34, SELF, v:1, k:ed@fractais_png, self:1, rate:40, study:55, concept:1
2026-04-12 11:33:58, SELF, v:1, k:ed@fractais_png, self:1, rate:50, study:55, concept:1
