2026-04-27 13:29:33, MOVE, v:1, k:ed@magicsearch, mode:PICK
2026-04-27 13:33:19, EXEC, v:1, k:ed@magicsearch, mode:FULL, rate:40, size:42
2026-04-27 13:34:21, MOVE, v:1, k:ed@magicsearch, mode:EDIT
2026-04-27 13:35:05, EXEC, v:1, k:ed@magicsearch, mode:FULL, rate:40, size:48
2026-04-27 13:36:05, EXEC, v:1, k:ed@magicsearch, mode:FULL, rate:40
2026-04-27 13:38:28, EXEC, v:1, k:ed@magicsearch, mode:FULL, rate:20, size:48
2026-04-27 13:39:09, EXEC, v:1, k:ed@magicsearch, mode:FULL, rate:40, size:48
2026-04-27 13:39:21, MOVE, v:1, k:ed@magicsearch, mode:EDIT
2026-04-27 13:40:36, EXEC, v:1, k:ed@magicsearch, mode:FULL, rate:10, size:49
2026-04-27 13:40:49, EXEC, v:1, k:ed@magicsearch, mode:FULL, rate:10, size:49
2026-04-27 13:42:06, EXEC, v:1, k:ed@magicsearch, mode:FULL, rate:40, size:48
2026-04-27 13:42:50, EXEC, v:1, k:ed@magicsearch, mode:FULL, rate:70, size:48
2026-04-27 13:43:01, MOVE, v:1, k:ed@magicsearch, mode:EDIT
2026-04-27 13:44:45, EXEC, v:1, k:ed@magicsearch, mode:FULL, rate:50, size:48
2026-04-27 13:44:53, EXEC, v:1, k:ed@magicsearch, mode:FULL, rate:30, size:48
2026-04-27 13:45:15, EXEC, v:1, k:ed@magicsearch, mode:FULL, rate:30, size:48
2026-04-27 13:45:29, EXEC, v:1, k:ed@magicsearch, mode:FULL, rate:50, size:48
2026-04-27 13:46:33, EXEC, v:1, k:ed@magicsearch, mode:FULL, rate:50
2026-04-27 13:48:21, EXEC, v:1, k:ed@magicsearch, mode:FULL, rate:100, size:50
2026-04-27 13:49:14, SELF, v:1, k:ed@magicsearch, self:1, rate:100, study:18
2026-04-27 13:48:16, MOVE, v:1, k:ed@magicsearch, mode:EDIT
