2026-04-01 10:16:30, MOVE, v:1, k:ed@resto, mode:DOWN
2026-04-01 10:16:32, MOVE, v:1, k:ed@resto, mode:PICK
2026-04-01 10:24:58, EXEC, v:1, k:ed@resto, mode:FULL, rate:0, size:20
2026-04-01 10:26:31, EXEC, v:1, k:ed@resto, mode:FULL, rate:0, size:20
2026-04-01 10:28:11, EXEC, v:1, k:ed@resto, mode:FULL, rate:0, size:21
2026-04-01 10:29:35, EXEC, v:1, k:ed@resto, mode:FULL, size:20, fail:COMP
2026-04-01 10:29:45, EXEC, v:1, k:ed@resto, mode:FULL, rate:0, size:20
2026-04-01 10:30:08, EXEC, v:1, k:ed@resto, mode:FULL, rate:0, size:20
2026-04-01 10:36:27, EXEC, v:1, k:ed@resto, mode:FULL, rate:0, size:22
2026-04-01 10:36:47, EXEC, v:1, k:ed@resto, mode:FULL, rate:0, size:20
2026-04-01 10:37:01, MOVE, v:1, k:ed@resto, mode:PICK
2026-04-01 10:37:22, EXEC, v:1, k:ed@resto, mode:FULL, rate:0, size:20
2026-04-01 10:37:27, EXEC, v:1, k:ed@resto, mode:FULL, rate:0, size:20
2026-04-01 10:37:37, EXEC, v:1, k:ed@resto, mode:FULL, rate:0, size:20
2026-04-01 10:37:48, EXEC, v:1, k:ed@resto, mode:FULL, rate:0, size:20
2026-04-01 10:37:55, EXEC, v:1, k:ed@resto, mode:FULL, rate:100, size:20
2026-04-01 10:38:23, SELF, v:1, k:ed@resto, self:1, rate:100, study:20
2026-04-01 10:38:33, MOVE, v:1, k:ed@resto, mode:BACK
2026-04-01 10:40:15, MOVE, v:1, k:ed@mdc, mode:DOWN
2026-04-01 10:40:17, MOVE, v:1, k:ed@mdc, mode:PICK
2026-04-01 10:47:05, EXEC, v:1, k:ed@mdc, mode:FULL, rate:20, size:25
2026-04-01 10:48:21, EXEC, v:1, k:ed@mdc, mode:FULL, rate:40, size:31
2026-04-01 10:56:10, EXEC, v:1, k:ed@mdc, mode:FULL, rate:0, size:36
2026-04-01 10:56:51, EXEC, v:1, k:ed@mdc, mode:FULL, rate:0, size:28
2026-04-01 10:57:16, EXEC, v:1, k:ed@mdc, mode:FULL, rate:20, size:25
2026-04-01 11:06:52, MOVE, v:1, k:ed@mdc, mode:PICK
2026-04-01 11:07:21, MOVE, v:1, k:ed@mdc, mode:PICK
2026-04-01 13:35:29, MOVE, v:1, k:ed@mdc, mode:PICK
2026-04-01 13:36:27, EXEC, v:1, k:ed@mdc, mode:FULL, rate:20, size:27
2026-04-01 13:40:43, EXEC, v:1, k:ed@mdc, mode:FULL, rate:100, size:25
2026-04-01 13:41:08, MOVE, v:1, k:ed@mdc, mode:BACK
2026-04-01 13:41:16, MOVE, v:1, k:ed@mdc, mode:PICK
2026-04-01 13:41:50, SELF, v:1, k:ed@mdc, self:1, rate:100, study:35, concept:1
2026-04-01 13:41:53, MOVE, v:1, k:ed@mdc, mode:BACK
2026-04-01 13:50:34, MOVE, v:1, k:ed@vetequals, mode:DOWN
2026-04-01 13:50:35, MOVE, v:1, k:ed@vetequals, mode:PICK
2026-04-01 13:59:25, EXEC, v:1, k:ed@vetequals, mode:FULL, rate:20, size:58
2026-04-01 14:00:31, EXEC, v:1, k:ed@vetequals, mode:FULL, rate:20, size:54
2026-04-01 14:03:49, EXEC, v:1, k:ed@vetequals, mode:FULL, rate:30, size:61
2026-04-01 14:05:21, EXEC, v:1, k:ed@vetequals, mode:FULL, rate:30, size:61
2026-04-01 14:13:15, EXEC, v:1, k:ed@vetequals, mode:FULL, rate:30, size:61
2026-04-01 14:23:21, MOVE, v:1, k:ed@vetequals, mode:BACK
2026-04-01 14:23:31, MOVE, v:1, k:ed@vetequals, mode:PICK
2026-04-01 14:26:17, EXEC, v:1, k:ed@vetequals, mode:FULL, rate:0, size:60
2026-04-01 14:31:11, EXEC, v:1, k:ed@vetequals, mode:FULL, rate:0, size:60
2026-04-01 14:31:39, EXEC, v:1, k:ed@vetequals, mode:FULL, rate:0, size:56
2026-04-01 14:33:07, EXEC, v:1, k:ed@vetequals, mode:FULL, rate:70, size:60
2026-04-01 14:34:05, EXEC, v:1, k:ed@vetequals, mode:FULL, rate:70, size:64
2026-04-01 14:42:40, EXEC, v:1, k:ed@vetequals, mode:FULL, rate:20, size:68
2026-04-01 14:42:49, EXEC, v:1, k:ed@vetequals, mode:FULL, rate:70, size:68
2026-04-01 14:42:58, MOVE, v:1, k:ed@vetequals, mode:BACK
2026-04-01 14:43:01, MOVE, v:1, k:ed@vetequals, mode:PICK
2026-04-01 14:47:12, EXEC, v:1, k:ed@vetequals, mode:FULL, rate:100, size:64
2026-04-01 14:48:04, MOVE, v:1, k:ed@vetequals, mode:BACK
2026-04-01 14:48:09, MOVE, v:1, k:ed@vetequals, mode:PICK
2026-04-01 14:48:26, SELF, v:1, k:ed@vetequals, self:1, rate:100, study:60, concept:1
2026-04-01 14:48:30, MOVE, v:1, k:ed@vetequals, mode:BACK
2026-04-01 14:49:29, MOVE, v:1, k:ed@vetequals, mode:PICK
2026-04-01 14:49:49, MOVE, v:1, k:ed@vetequals, mode:BACK
