2026-04-28 11:29:09, MOVE, v:1, k:ed@lista_d1, mode:DOWN
2026-04-28 11:29:10, MOVE, v:1, k:ed@lista_d1, mode:PICK
2026-04-28 11:29:09, MOVE, v:1, k:ed@lista_d1, mode:EDIT
2026-04-28 11:29:09, MOVE, v:1, k:ed@lista_d1, mode:EDIT
2026-04-28 11:33:06, MOVE, v:1, k:ed@lista_d1, mode:EDIT
2026-04-28 11:29:09, MOVE, v:1, k:ed@lista_d1, mode:EDIT
2026-04-28 11:38:08, MOVE, v:1, k:ed@lista_d1, mode:EDIT
2026-04-28 11:42:25, MOVE, v:1, k:ed@lista_d1, mode:EDIT
2026-04-28 11:44:11, MOVE, v:1, k:ed@lista_d1, mode:BACK
2026-04-28 14:22:58, MOVE, v:1, k:ed@lista_d1, mode:PICK
2026-04-28 14:27:15, MOVE, v:1, k:ed@lista_d1, mode:EDIT
2026-04-28 14:36:16, MOVE, v:1, k:ed@lista_d1, mode:EDIT
2026-04-28 14:41:04, MOVE, v:1, k:ed@lista_d1, mode:EDIT
2026-04-28 14:47:38, MOVE, v:1, k:ed@lista_d1, mode:EDIT
2026-04-28 14:52:46, MOVE, v:1, k:ed@lista_d1, mode:EDIT
2026-04-28 14:53:44, MOVE, v:1, k:ed@lista_d1, mode:BACK
2026-04-28 14:54:07, MOVE, v:1, k:ed@lista_d1, mode:PICK
2026-04-28 16:15:33, MOVE, v:1, k:ed@lista_d1, mode:PICK
2026-04-28 16:15:37, MOVE, v:1, k:ed@lista_d1, mode:BACK
2026-04-28 16:15:41, MOVE, v:1, k:ed@lista_d1, mode:PICK
2026-04-28 16:18:50, EXEC, v:1, k:ed@lista_d1, mode:FULL, rate:0, size:101
2026-04-28 16:19:07, EXEC, v:1, k:ed@lista_d1, mode:FULL, rate:0, size:102
2026-04-28 16:19:51, EXEC, v:1, k:ed@lista_d1, mode:FULL, rate:14, size:102
2026-04-28 16:20:18, MOVE, v:1, k:ed@lista_d1, mode:EDIT
2026-04-28 16:21:44, MOVE, v:1, k:ed@lista_d1, mode:EDIT
2026-04-28 16:27:49, EXEC, v:1, k:ed@lista_d1, mode:FULL, rate:14, size:112
2026-04-28 16:28:21, EXEC, v:1, k:ed@lista_d1, mode:FULL, rate:14, size:112
2026-04-28 16:28:58, EXEC, v:1, k:ed@lista_d1, mode:FULL, rate:14, size:112
2026-04-28 16:29:06, EXEC, v:1, k:ed@lista_d1, mode:FULL, rate:14, size:112
2026-04-28 16:29:50, EXEC, v:1, k:ed@lista_d1, mode:FULL, rate:14, size:112
2026-04-28 16:29:45, MOVE, v:1, k:ed@lista_d1, mode:EDIT
2026-04-28 16:33:03, EXEC, v:1, k:ed@lista_d1, mode:FULL, rate:14, size:120
2026-04-28 16:33:11, EXEC, v:1, k:ed@lista_d1, mode:FULL, rate:14, size:120
2026-04-28 16:33:21, EXEC, v:1, k:ed@lista_d1, mode:FULL, rate:14, size:120
2026-04-28 16:33:31, EXEC, v:1, k:ed@lista_d1, mode:FULL, rate:28, size:120
2026-04-28 16:35:25, MOVE, v:1, k:ed@lista_d1, mode:EDIT
2026-04-28 16:38:19, EXEC, v:1, k:ed@lista_d1, mode:FULL, rate:42, size:128
2026-04-28 16:40:03, EXEC, v:1, k:ed@lista_d1, mode:FULL, rate:42, size:132
2026-04-28 16:39:54, MOVE, v:1, k:ed@lista_d1, mode:EDIT
2026-04-28 16:40:53, EXEC, v:1, k:ed@lista_d1, mode:FULL, rate:42, size:134
2026-04-28 16:41:02, EXEC, v:1, k:ed@lista_d1, mode:FULL, rate:42, size:132
2026-04-28 16:42:07, EXEC, v:1, k:ed@lista_d1, mode:FULL, rate:42, size:134
2026-04-28 16:43:00, EXEC, v:1, k:ed@lista_d1, mode:FULL, rate:42, size:137
2026-04-28 16:43:23, EXEC, v:1, k:ed@lista_d1, mode:FULL, rate:42, size:135
2026-04-28 16:43:21, MOVE, v:1, k:ed@lista_d1, mode:EDIT
2026-04-28 16:48:03, EXEC, v:1, k:ed@lista_d1, mode:FULL, rate:57, size:135
2026-04-28 16:49:32, EXEC, v:1, k:ed@lista_d1, mode:FULL, rate:57, size:142
2026-04-28 16:49:59, EXEC, v:1, k:ed@lista_d1, mode:FULL, rate:57, size:144
2026-04-28 16:50:16, EXEC, v:1, k:ed@lista_d1, mode:FULL, rate:57, size:144
2026-04-28 16:50:25, MOVE, v:1, k:ed@lista_d1, mode:EDIT
2026-04-28 16:50:31, EXEC, v:1, k:ed@lista_d1, mode:FULL, rate:57, size:144
2026-04-28 16:50:57, EXEC, v:1, k:ed@lista_d1, mode:FULL, rate:71, size:144
2026-04-28 16:53:27, EXEC, v:1, k:ed@lista_d1, mode:FULL, rate:14, size:146
2026-04-28 16:53:49, EXEC, v:1, k:ed@lista_d1, mode:FULL, rate:71, size:147
2026-04-28 16:55:14, MOVE, v:1, k:ed@lista_d1, mode:EDIT
2026-04-28 16:56:09, EXEC, v:1, k:ed@lista_d1, mode:FULL, rate:71, size:153
2026-04-28 16:56:40, EXEC, v:1, k:ed@lista_d1, mode:FULL, rate:71, size:153
2026-04-28 16:57:28, EXEC, v:1, k:ed@lista_d1, mode:FULL, rate:85, size:153
2026-04-28 16:59:11, EXEC, v:1, k:ed@lista_d1, mode:FULL, rate:85, size:159
2026-04-28 16:59:28, EXEC, v:1, k:ed@lista_d1, mode:FULL, rate:100, size:159
2026-04-28 16:59:14, MOVE, v:1, k:ed@lista_d1, mode:EDIT
2026-04-28 17:00:54, SELF, v:1, k:ed@lista_d1, self:1, rate:100, study:90, concept:1, problem:1
