2026-04-15 13:25:10, MOVE, v:1, k:ed@vetbuild, mode:DOWN
2026-04-15 13:25:17, MOVE, v:1, k:ed@vetbuild, mode:PICK
2026-04-15 13:27:33, EXEC, v:1, k:ed@vetbuild, mode:FULL, size:130, fail:COMP
2026-04-15 13:25:10, MOVE, v:1, k:ed@vetbuild, mode:EDIT
2026-04-15 13:25:10, MOVE, v:1, k:ed@vetbuild, mode:EDIT
2026-04-15 13:28:40, MOVE, v:1, k:ed@vetbuild, mode:EDIT
2026-04-15 13:25:10, MOVE, v:1, k:ed@vetbuild, mode:EDIT
2026-04-15 13:29:41, EXEC, v:1, k:ed@vetbuild, mode:FULL, size:130, fail:COMP
2026-04-15 13:33:43, MOVE, v:1, k:ed@vetbuild, mode:EDIT
2026-04-15 13:38:19, MOVE, v:1, k:ed@vetbuild, mode:EDIT
2026-04-15 13:39:39, EXEC, v:1, k:ed@vetbuild, mode:FULL, size:132, fail:COMP
2026-04-15 13:42:12, EXEC, v:1, k:ed@vetbuild, mode:FULL, rate:0, size:132
2026-04-15 13:43:43, MOVE, v:1, k:ed@vetbuild, mode:EDIT
2026-04-15 13:45:06, EXEC, v:1, k:ed@vetbuild, mode:FULL, size:136, fail:COMP
2026-04-15 13:46:06, EXEC, v:1, k:ed@vetbuild, mode:FULL, rate:0, size:136
2026-04-15 13:47:12, EXEC, v:1, k:ed@vetbuild, mode:FULL, rate:0, size:136
2026-04-15 13:48:39, MOVE, v:1, k:ed@vetbuild, mode:EDIT
2026-04-15 13:50:31, EXEC, v:1, k:ed@vetbuild, mode:FULL, rate:0, size:140
2026-04-15 13:50:44, EXEC, v:1, k:ed@vetbuild, mode:FULL, rate:0, size:140
2026-04-15 13:51:31, EXEC, v:1, k:ed@vetbuild, mode:FULL, rate:0, size:140
2026-04-15 13:52:24, EXEC, v:1, k:ed@vetbuild, mode:FULL, rate:18, size:144
2026-04-15 13:52:21, MOVE, v:1, k:ed@vetbuild, mode:EDIT
2026-04-15 13:58:24, MOVE, v:1, k:ed@vetbuild, mode:EDIT
2026-04-15 14:02:59, MOVE, v:1, k:ed@vetbuild, mode:EDIT
2026-04-15 14:06:07, EXEC, v:1, k:ed@vetbuild, mode:FULL, rate:18, size:147
2026-04-15 14:07:27, EXEC, v:1, k:ed@vetbuild, mode:FULL, rate:9, size:148
2026-04-15 14:08:40, MOVE, v:1, k:ed@vetbuild, mode:EDIT
2026-04-15 14:13:35, EXEC, v:1, k:ed@vetbuild, mode:FULL, rate:9, size:161
2026-04-15 14:13:32, MOVE, v:1, k:ed@vetbuild, mode:EDIT
2026-04-15 14:13:58, EXEC, v:1, k:ed@vetbuild, mode:FULL, rate:9, size:161
2026-04-15 14:14:44, EXEC, v:1, k:ed@vetbuild, mode:FULL, rate:9, size:161
2026-04-15 14:15:35, EXEC, v:1, k:ed@vetbuild, mode:FULL, rate:9, size:161
2026-04-15 14:17:23, EXEC, v:1, k:ed@vetbuild, mode:FULL, rate:9, size:160
2026-04-15 14:17:18, MOVE, v:1, k:ed@vetbuild, mode:EDIT
2026-04-15 14:28:45, MOVE, v:1, k:ed@vetbuild, mode:EDIT
2026-04-15 14:29:24, EXEC, v:1, k:ed@vetbuild, mode:FULL, rate:9, size:169
2026-04-15 14:29:46, EXEC, v:1, k:ed@vetbuild, mode:FULL, rate:9, size:169
2026-04-15 14:30:19, EXEC, v:1, k:ed@vetbuild, mode:FULL, rate:9, size:170
2026-04-15 14:31:36, EXEC, v:1, k:ed@vetbuild, mode:FULL, rate:9, size:170
2026-04-15 14:33:02, EXEC, v:1, k:ed@vetbuild, mode:FULL, rate:9, size:170
2026-04-15 14:33:35, EXEC, v:1, k:ed@vetbuild, mode:FULL, rate:9, size:171
2026-04-15 14:33:45, MOVE, v:1, k:ed@vetbuild, mode:EDIT
2026-04-15 14:33:47, EXEC, v:1, k:ed@vetbuild, mode:FULL, rate:9, size:170
2026-04-15 14:34:23, EXEC, v:1, k:ed@vetbuild, mode:FULL, rate:9, size:170
2026-04-15 14:37:39, EXEC, v:1, k:ed@vetbuild, mode:FULL, rate:18, size:170
2026-04-15 14:37:33, MOVE, v:1, k:ed@vetbuild, mode:EDIT
2026-04-15 14:39:46, MOVE, v:1, k:ed@vetbuild, mode:BACK
2026-04-15 14:40:18, SELF, v:1, k:ed@vetbuild, self:1, rate:18, study:70, concept:1
2026-04-15 15:18:52, MOVE, v:1, k:ed@vetbuild, mode:PICK
2026-04-15 15:19:58, EXEC, v:1, k:ed@vetbuild, mode:FULL, rate:27, size:174
2026-04-15 15:23:32, MOVE, v:1, k:ed@vetbuild, mode:PICK
2026-04-15 15:23:44, EXEC, v:1, k:ed@vetbuild, mode:FULL, size:178, fail:COMP
2026-04-15 15:24:10, EXEC, v:1, k:ed@vetbuild, mode:FULL, size:176, fail:COMP
2026-04-15 15:24:49, EXEC, v:1, k:ed@vetbuild, mode:FULL, rate:27, size:176
2026-04-15 15:28:28, MOVE, v:1, k:ed@vetbuild, mode:EDIT
2026-04-15 15:33:17, MOVE, v:1, k:ed@vetbuild, mode:EDIT
2026-04-15 15:34:26, EXEC, v:1, k:ed@vetbuild, mode:FULL, size:185, fail:COMP
2026-04-15 15:34:51, EXEC, v:1, k:ed@vetbuild, mode:FULL, rate:27, size:184
2026-04-15 15:35:15, MOVE, v:1, k:ed@vetbuild, mode:EDIT
2026-04-15 15:39:11, EXEC, v:1, k:ed@vetbuild, mode:FULL, rate:36, size:183
2026-04-15 15:43:22, MOVE, v:1, k:ed@vetbuild, mode:EDIT
2026-04-15 15:45:11, EXEC, v:1, k:ed@vetbuild, mode:FULL, rate:45, size:184
2026-04-15 15:45:09, MOVE, v:1, k:ed@vetbuild, mode:EDIT
2026-04-15 15:53:23, MOVE, v:1, k:ed@vetbuild, mode:EDIT
2026-04-15 15:58:32, MOVE, v:1, k:ed@vetbuild, mode:EDIT
2026-04-15 15:59:12, EXEC, v:1, k:ed@vetbuild, mode:FULL, size:201, fail:COMP
2026-04-15 16:03:07, MOVE, v:1, k:ed@vetbuild, mode:EDIT
2026-04-15 16:05:13, EXEC, v:1, k:ed@vetbuild, mode:FULL, size:203, fail:COMP
2026-04-15 16:07:02, EXEC, v:1, k:ed@vetbuild, mode:FULL, rate:45, size:210
2026-04-15 16:07:52, MOVE, v:1, k:ed@vetbuild, mode:EDIT
2026-04-15 16:11:52, EXEC, v:1, k:ed@vetbuild, mode:FULL, rate:45, size:217
2026-04-15 16:13:12, EXEC, v:1, k:ed@vetbuild, mode:FULL, rate:45, size:217
2026-04-15 16:13:10, MOVE, v:1, k:ed@vetbuild, mode:EDIT
2026-04-15 16:15:44, EXEC, v:1, k:ed@vetbuild, mode:FULL, rate:45, size:217
2026-04-15 16:16:21, EXEC, v:1, k:ed@vetbuild, mode:FULL, rate:45, size:217
2026-04-15 16:16:33, EXEC, v:1, k:ed@vetbuild, mode:FULL, rate:45, size:217
2026-04-15 16:16:45, EXEC, v:1, k:ed@vetbuild, mode:FULL, rate:45, size:217
2026-04-15 16:17:27, MOVE, v:1, k:ed@vetbuild, mode:EDIT
2026-04-15 16:21:23, EXEC, v:1, k:ed@vetbuild, mode:FULL, rate:45, size:217
2026-04-15 16:22:33, EXEC, v:1, k:ed@vetbuild, mode:FULL, rate:45, size:217
2026-04-15 16:23:33, MOVE, v:1, k:ed@vetbuild, mode:EDIT
2026-04-15 16:24:30, EXEC, v:1, k:ed@vetbuild, mode:FULL, rate:54, size:217
2026-04-15 16:24:36, MOVE, v:1, k:ed@vetbuild, mode:BACK
2026-04-15 16:26:10, SELF, v:1, k:ed@vetbuild, self:1, rate:54, study:65, concept:1
2026-04-15 16:23:44, MOVE, v:1, k:ed@vetbuild, mode:EDIT
