2026-05-20 10:14:45, MOVE, v:1, k:ed@pintura, mode:DOWN
2026-05-20 10:14:46, MOVE, v:1, k:ed@pintura, mode:PICK
2026-05-20 10:15:45, MOVE, v:1, k:ed@pintura, mode:BACK
2026-05-20 10:14:45, MOVE, v:1, k:ed@pintura, mode:EDIT
2026-05-20 10:14:45, MOVE, v:1, k:ed@pintura, mode:EDIT
2026-05-20 10:17:37, MOVE, v:1, k:ed@pintura, mode:PICK
2026-05-20 10:19:59, MOVE, v:1, k:ed@pintura, mode:EDIT
2026-05-20 10:24:52, EXEC, v:1, k:ed@pintura, mode:FULL, size:67, fail:COMP
2026-05-20 10:25:09, EXEC, v:1, k:ed@pintura, mode:FULL, rate:0, size:69
2026-05-20 10:26:10, MOVE, v:1, k:ed@pintura, mode:EDIT
2026-05-20 10:27:11, EXEC, v:1, k:ed@pintura, mode:FULL, rate:0, size:73
2026-05-20 10:27:07, MOVE, v:1, k:ed@pintura, mode:EDIT
2026-05-20 10:41:19, MOVE, v:1, k:ed@pintura, mode:EDIT
2026-05-20 10:41:45, EXEC, v:1, k:ed@pintura, mode:FULL, rate:0, size:86
2026-05-20 10:42:41, EXEC, v:1, k:ed@pintura, mode:FULL, rate:0, size:84
2026-05-20 10:44:52, EXEC, v:1, k:ed@pintura, mode:FULL, rate:0, size:84
2026-05-20 10:44:49, MOVE, v:1, k:ed@pintura, mode:EDIT
2026-05-20 10:48:30, EXEC, v:1, k:ed@pintura, mode:FULL, rate:50, size:84
2026-05-20 10:48:52, EXEC, v:1, k:ed@pintura, mode:FULL, rate:50, size:84
2026-05-20 10:50:39, MOVE, v:1, k:ed@pintura, mode:EDIT
2026-05-20 10:51:31, EXEC, v:1, k:ed@pintura, mode:FULL, rate:50, size:85
2026-05-20 10:52:34, EXEC, v:1, k:ed@pintura, mode:FULL, rate:50, size:85
2026-05-20 10:56:15, MOVE, v:1, k:ed@pintura, mode:EDIT
2026-05-20 10:58:21, EXEC, v:1, k:ed@pintura, mode:FULL, rate:50, size:86
2026-05-20 10:58:55, EXEC, v:1, k:ed@pintura, mode:FULL, rate:50, size:86
2026-05-20 11:00:57, EXEC, v:1, k:ed@pintura, mode:FULL, rate:0, size:86
2026-05-20 11:01:11, MOVE, v:1, k:ed@pintura, mode:EDIT
2026-05-20 11:03:47, EXEC, v:1, k:ed@pintura, mode:FULL, rate:50, size:86
2026-05-20 11:05:56, EXEC, v:1, k:ed@pintura, mode:FULL, rate:0, size:90
2026-05-20 11:06:03, EXEC, v:1, k:ed@pintura, mode:FULL, rate:50, size:90
2026-05-20 11:06:03, MOVE, v:1, k:ed@pintura, mode:EDIT
2026-05-20 11:07:22, EXEC, v:1, k:ed@pintura, mode:FULL, rate:50, size:83
2026-05-20 11:08:38, EXEC, v:1, k:ed@pintura, mode:FULL, rate:0, size:83
2026-05-20 11:08:43, MOVE, v:1, k:ed@pintura, mode:EDIT
2026-05-20 11:12:06, EXEC, v:1, k:ed@pintura, mode:FULL, rate:50, size:83
2026-05-20 11:12:30, EXEC, v:1, k:ed@pintura, mode:FULL, rate:50, size:83
2026-05-20 11:12:41, EXEC, v:1, k:ed@pintura, mode:FULL, rate:50, size:83
2026-05-20 11:13:59, EXEC, v:1, k:ed@pintura, mode:FULL, rate:50, size:79
2026-05-20 11:14:42, EXEC, v:1, k:ed@pintura, mode:FULL, rate:50, size:79
2026-05-20 11:14:48, EXEC, v:1, k:ed@pintura, mode:FULL, rate:50, size:79
2026-05-20 11:14:55, EXEC, v:1, k:ed@pintura, mode:FULL, rate:50, size:79
2026-05-20 11:15:16, EXEC, v:1, k:ed@pintura, mode:FULL, rate:50, size:79
2026-05-20 11:15:23, MOVE, v:1, k:ed@pintura, mode:EDIT
2026-05-20 11:17:26, EXEC, v:1, k:ed@pintura, mode:FULL, rate:50, size:83
2026-05-20 11:17:40, EXEC, v:1, k:ed@pintura, mode:FULL, rate:50, size:83
2026-05-20 11:17:51, MOVE, v:1, k:ed@pintura, mode:EDIT
2026-05-20 11:21:30, EXEC, v:1, k:ed@pintura, mode:FULL, rate:50, size:83
2026-05-20 11:24:57, EXEC, v:1, k:ed@pintura, mode:FULL, rate:0, size:83
2026-05-20 11:25:19, EXEC, v:1, k:ed@pintura, mode:FULL, rate:50, size:83
2026-05-20 11:26:09, MOVE, v:1, k:ed@pintura, mode:EDIT
2026-05-20 11:26:33, EXEC, v:1, k:ed@pintura, mode:FULL, rate:50, size:79
2026-05-20 11:27:17, EXEC, v:1, k:ed@pintura, mode:FULL, rate:50, size:79
2026-05-20 11:30:29, EXEC, v:1, k:ed@pintura, mode:FULL, rate:100, size:79
2026-05-20 11:30:27, MOVE, v:1, k:ed@pintura, mode:EDIT
2026-05-20 11:32:36, SELF, v:1, k:ed@pintura, self:1, rate:100, study:60, concept:1
2026-05-20 11:33:32, MOVE, v:1, k:ed@pintura, mode:BACK
2026-05-20 15:29:56, MOVE, v:1, k:ed@wordsearch, mode:DOWN
2026-05-20 15:29:57, MOVE, v:1, k:ed@wordsearch, mode:PICK
2026-05-20 15:29:56, MOVE, v:1, k:ed@wordsearch, mode:EDIT
2026-05-20 15:29:56, MOVE, v:1, k:ed@wordsearch, mode:EDIT
2026-05-20 15:35:50, MOVE, v:1, k:ed@wordsearch, mode:EDIT
2026-05-20 15:37:25, MOVE, v:1, k:ed@wordsearch, mode:EDIT
2026-05-20 15:45:02, MOVE, v:1, k:ed@wordsearch, mode:EDIT
2026-05-20 15:50:44, EXEC, v:1, k:ed@wordsearch, mode:FULL, rate:75, size:89
2026-05-20 15:51:23, MOVE, v:1, k:ed@wordsearch, mode:EDIT
2026-05-20 15:52:20, EXEC, v:1, k:ed@wordsearch, mode:FULL, rate:75, size:93
2026-05-20 15:56:22, MOVE, v:1, k:ed@wordsearch, mode:EDIT
2026-05-20 15:56:58, EXEC, v:1, k:ed@wordsearch, mode:FULL, rate:0, size:97
2026-05-20 16:00:38, EXEC, v:1, k:ed@wordsearch, mode:FULL, rate:75, size:98
2026-05-20 16:01:24, MOVE, v:1, k:ed@wordsearch, mode:EDIT
2026-05-20 16:05:26, MOVE, v:1, k:ed@wordsearch, mode:EDIT
2026-05-20 16:11:17, MOVE, v:1, k:ed@wordsearch, mode:EDIT
2026-05-20 16:12:56, EXEC, v:1, k:ed@wordsearch, mode:FULL, rate:0, size:101
2026-05-20 16:13:11, EXEC, v:1, k:ed@wordsearch, mode:FULL, rate:0, size:101
2026-05-20 16:13:36, EXEC, v:1, k:ed@wordsearch, mode:FULL, rate:0, size:105
2026-05-20 16:14:49, EXEC, v:1, k:ed@wordsearch, mode:FULL, rate:0, size:101
2026-05-20 16:14:45, MOVE, v:1, k:ed@wordsearch, mode:EDIT
2026-05-20 16:17:19, MOVE, v:1, k:ed@wordsearch, mode:EDIT
2026-05-20 16:22:47, EXEC, v:1, k:ed@wordsearch, mode:FULL, rate:0, size:97
2026-05-20 16:23:46, EXEC, v:1, k:ed@wordsearch, mode:FULL, rate:100, size:101
2026-05-20 16:25:24, SELF, v:1, k:ed@wordsearch, self:1, rate:100, study:50, concept:1
2026-05-20 16:39:02, MOVE, v:1, k:ed@subset_sum, mode:DOWN
2026-05-20 16:39:10, MOVE, v:1, k:ed@subset_sum, mode:PICK
2026-05-20 16:39:02, MOVE, v:1, k:ed@subset_sum, mode:EDIT
2026-05-20 16:39:02, MOVE, v:1, k:ed@subset_sum, mode:EDIT
2026-05-20 16:43:27, MOVE, v:1, k:ed@subset_sum, mode:EDIT
2026-05-20 16:43:40, EXEC, v:1, k:ed@subset_sum, mode:FULL, rate:0, size:14
2026-05-20 16:45:32, EXEC, v:1, k:ed@subset_sum, mode:FULL, rate:0, size:16
2026-05-20 16:46:06, EXEC, v:1, k:ed@subset_sum, mode:FULL, rate:0, size:16
2026-05-20 16:46:29, EXEC, v:1, k:ed@subset_sum, mode:FULL, rate:0, size:16
2026-05-20 16:46:39, EXEC, v:1, k:ed@subset_sum, mode:FULL, rate:0, size:16
2026-05-20 16:46:35, MOVE, v:1, k:ed@subset_sum, mode:EDIT
2026-05-20 16:49:02, EXEC, v:1, k:ed@subset_sum, mode:FULL, rate:0, size:16
2026-05-20 16:49:59, EXEC, v:1, k:ed@subset_sum, mode:FULL, rate:0, size:16
2026-05-20 16:53:27, MOVE, v:1, k:ed@subset_sum, mode:EDIT
2026-05-20 16:58:30, MOVE, v:1, k:ed@subset_sum, mode:EDIT
2026-05-20 16:58:58, EXEC, v:1, k:ed@subset_sum, mode:FULL, rate:0, size:33
2026-05-20 16:59:34, EXEC, v:1, k:ed@subset_sum, mode:FULL, rate:33, size:37
2026-05-20 17:01:20, EXEC, v:1, k:ed@subset_sum, mode:FULL, rate:0, size:41
2026-05-20 17:02:04, EXEC, v:1, k:ed@subset_sum, mode:FULL, rate:0, size:40
2026-05-20 17:02:18, EXEC, v:1, k:ed@subset_sum, mode:FULL, rate:54, size:39
2026-05-20 17:03:00, MOVE, v:1, k:ed@subset_sum, mode:EDIT
2026-05-20 17:04:59, MOVE, v:1, k:ed@subset_sum, mode:EDIT
2026-05-20 17:13:06, MOVE, v:1, k:ed@subset_sum, mode:EDIT
2026-05-20 17:18:17, EXEC, v:1, k:ed@subset_sum, mode:FULL, rate:4, size:38
2026-05-20 17:18:13, MOVE, v:1, k:ed@subset_sum, mode:EDIT
2026-05-20 17:19:52, EXEC, v:1, k:ed@subset_sum, mode:FULL, rate:0, size:42
2026-05-20 17:19:44, MOVE, v:1, k:ed@subset_sum, mode:EDIT
2026-05-20 17:23:42, EXEC, v:1, k:ed@subset_sum, mode:FULL, rate:0, size:42
2026-05-20 17:25:33, EXEC, v:1, k:ed@subset_sum, mode:FULL, rate:62, size:42
2026-05-20 17:26:32, EXEC, v:1, k:ed@subset_sum, mode:FULL, rate:100, size:42
2026-05-20 17:27:44, SELF, v:1, k:ed@subset_sum, self:1, rate:100, study:45, concept:1
