2026-05-23 13:47:06, MOVE, v:1, k:ed@n_rainhas, mode:DOWN
2026-05-23 13:47:07, MOVE, v:1, k:ed@n_rainhas, mode:PICK
2026-05-23 13:47:06, MOVE, v:1, k:ed@n_rainhas, mode:EDIT
2026-05-23 13:47:06, MOVE, v:1, k:ed@n_rainhas, mode:EDIT
2026-05-23 13:50:44, MOVE, v:1, k:ed@n_rainhas, mode:EDIT
2026-05-23 13:55:33, MOVE, v:1, k:ed@n_rainhas, mode:EDIT
2026-05-23 13:58:31, MOVE, v:1, k:ed@n_rainhas, mode:EDIT
2026-05-23 14:30:46, MOVE, v:1, k:ed@n_rainhas, mode:EDIT
2026-05-23 14:35:30, MOVE, v:1, k:ed@n_rainhas, mode:EDIT
2026-05-23 14:39:34, MOVE, v:1, k:ed@n_rainhas, mode:EDIT
2026-05-23 14:45:36, MOVE, v:1, k:ed@n_rainhas, mode:EDIT
2026-05-23 14:50:43, MOVE, v:1, k:ed@n_rainhas, mode:EDIT
2026-05-23 14:54:49, MOVE, v:1, k:ed@n_rainhas, mode:EDIT
2026-05-23 15:00:10, MOVE, v:1, k:ed@n_rainhas, mode:EDIT
2026-05-23 15:04:52, EXEC, v:1, k:ed@n_rainhas, mode:FULL, rate:0, size:75
2026-05-23 15:05:38, EXEC, v:1, k:ed@n_rainhas, mode:FULL, rate:0, size:74
2026-05-23 15:05:23, MOVE, v:1, k:ed@n_rainhas, mode:EDIT
2026-05-23 15:06:12, EXEC, v:1, k:ed@n_rainhas, mode:FULL, rate:25, size:74
2026-05-23 15:08:54, EXEC, v:1, k:ed@n_rainhas, mode:FULL, rate:100, size:74
2026-05-23 15:10:11, SELF, v:1, k:ed@n_rainhas, self:1, rate:100, study:75, concept:1
